// Vitest Snapshot v1, https://vitest.dev/guide/snapshot.html

exports[`transformModulesToCommonjs 1`] = `
"let __require__=(...args)=>new Promise((r)=>r(require(...args)));
let React=require('React');let {useEffect}=React;
let data=require('data');
let vue=require('vue');

exports. default= async function App() {
  const yaml = await __require__('yaml')
  return <div>app</div>
}

const foo: string = 'bar'
exports.foo=foo;

exports.c=c;"
`;
